
> taurus-cli@1.0.0 test
> cross-env NODE_OPTIONS=--experimental-vm-modules jest src/mcp/__tests__/manager.test.ts

  console.log
    Initializing 0 MCP server(s)...

      at Logger.info (src/utils/logger.ts:11:13)

  console.log
    Γ£ô MCP: 0/0 servers connected

      at Logger.success (src/utils/logger.ts:15:13)

  console.log
    Initializing 1 MCP server(s)...

      at Logger.info (src/utils/logger.ts:11:13)

npm : (node:15744) 
ExperimentalWarning: VM Modules is an 
experimental feature and might change 
at any time
At line:1 char:1
+ npm test 
src/mcp/__tests__/manager.test.ts > 
test_output.txt 2>&1
+ ~~~~~~~~~~~~~~~~~~~~~~~~~~~~~~~~~~~~
~~~~~~~~~~~~~~~~~~~~~~~~~~~~~
    + CategoryInfo          : 
NotSpecif    ied: ((node:15744) 
Ex...nge at any     time:String) [], 
RemoteException
    + FullyQualifiedErrorId : 
NativeCom    mandError
 
(Use `node --trace-warnings ...` to 
show where the warning was created)
  console.error
    Γ£ù MCP process error: spawn nonexistent-command ENOENT

    [0m [90m 17 |[39m
     [90m 18 |[39m   error(message[33m:[39m string)[33m:[39m [36mvoid[39m {
    [31m[1m>[22m[39m[90m 19 |[39m     console[33m.[39merror(chalk[33m.[39mred([32m`${this.prefix}Γ£ù ${message}`[39m))[33m;[39m
     [90m    |[39m             [31m[1m^[22m[39m
     [90m 20 |[39m   }
     [90m 21 |[39m
     [90m 22 |[39m   warn(message[33m:[39m string)[33m:[39m [36mvoid[39m {[0m

      at Logger.error (src/utils/logger.ts:19:13)
      at ChildProcess.<anonymous> (src/mcp/stdio-transport.ts:39:18)

  console.log
    Initializing 0 MCP server(s)...

      at Logger.info (src/utils/logger.ts:11:13)

  console.log
    Γ£ô MCP: 0/0 servers connected

      at Logger.success (src/utils/logger.ts:15:13)

FAIL 
src/mcp/__tests__/manager.test.ts 
(6.865 s)
  McpManager
    ΓêÜ should initialize with no 
servers (46 ms)
    ├ù should handle server 
connection failures gracefully (5009 
ms)
    ΓêÜ should track server state
    ΓêÜ should clean up on shutdown 
(5 ms)
    ΓêÜ should get server by name (1 
ms)
    ΓêÜ should list all MCP tools

  ΓùÅ McpManager ΓÇ║ should handle 
server connection failures gracefully

    spawn nonexistent-command ENOENT



  ΓùÅ McpManager ΓÇ║ should handle 
server connection failures gracefully

    thrown: "Exceeded timeout of 5000 
ms for a test.
    Add a timeout value to this test 
to increase the timeout, if this is a 
long-running test. See https://jestjs.
io/docs/api#testname-fn-timeout."

    [0m [90m 22 |[39m   
})[33m;[39m
     [90m 23 |[39m
    [31m[1m>[22m[39m[90m 24 
|[39m   it([32m'should handle 
server connection failures 
gracefully'[39m[33m,[39m 
[36masync[39m () [33m=>[39m {
     [90m    |[39m   
[31m[1m^[22m[39m
     [90m 25 |[39m     
[36mconst[39m configs[33m:[39m 
[33mMcpServerConfig[39m[] 
[33m=[39m [
     [90m 26 |[39m       {
     [90m 27 |[39m         
name[33m:[39m [32m'invalid-server'
[39m[33m,[39m[0m

      at 
src/mcp/__tests__/manager.test.ts:24:3
      at 
src/mcp/__tests__/manager.test.ts:9:1

Test Suites: 1 failed, 1 total
Tests:       1 failed, 5 passed, 6 
total
Snapshots:   0 total
Time:        7.296 s, estimated 8 s
Ran all test suites matching /src\\mcp
\\__tests__\\manager.test.ts/i.
Jest did not exit one second after 
the test run has completed.

'This usually means that there are 
asynchronous operations that weren't 
stopped in your tests. Consider 
running Jest with 
`--detectOpenHandles` to troubleshoot 
this issue.
  console.error
    Γ£ù Failed to connect to MCP server invalid-server: Request timeout: initialize

    [0m [90m 17 |[39m
     [90m 18 |[39m   error(message[33m:[39m string)[33m:[39m [36mvoid[39m {
    [31m[1m>[22m[39m[90m 19 |[39m     console[33m.[39merror(chalk[33m.[39mred([32m`${this.prefix}Γ£ù ${message}`[39m))[33m;[39m
     [90m    |[39m             [31m[1m^[22m[39m
     [90m 20 |[39m   }
     [90m 21 |[39m
     [90m 22 |[39m   warn(message[33m:[39m string)[33m:[39m [36mvoid[39m {[0m

      at Logger.error (src/utils/logger.ts:19:13)
      at McpServer.connect (src/mcp/server.ts:76:20)
      at McpManager.connectServer (src/mcp/manager.ts:44:7)
      at McpManager.initialize (src/mcp/manager.ts:25:9)
      at Object.<anonymous> (src/mcp/__tests__/manager.test.ts:38:7)

  console.error
    Γ£ù Failed to connect to MCP server invalid-server: Request timeout: initialize

    [0m [90m 17 |[39m
     [90m 18 |[39m   error(message[33m:[39m string)[33m:[39m [36mvoid[39m {
    [31m[1m>[22m[39m[90m 19 |[39m     console[33m.[39merror(chalk[33m.[39mred([32m`${this.prefix}Γ£ù ${message}`[39m))[33m;[39m
     [90m    |[39m             [31m[1m^[22m[39m
     [90m 20 |[39m   }
     [90m 21 |[39m
     [90m 22 |[39m   warn(message[33m:[39m string)[33m:[39m [36mvoid[39m {[0m

      at Logger.error (src/utils/logger.ts:19:13)
      at McpManager.connectServer (src/mcp/manager.ts:52:14)
      at McpManager.initialize (src/mcp/manager.ts:25:9)
      at Object.<anonymous> (src/mcp/__tests__/manager.test.ts:38:7)

  console.error
    Γ£ù Failed to initialize MCP server invalid-server: Request timeout: initialize

    [0m [90m 17 |[39m
     [90m 18 |[39m   error(message[33m:[39m string)[33m:[39m [36mvoid[39m {
    [31m[1m>[22m[39m[90m 19 |[39m     console[33m.[39merror(chalk[33m.[39mred([32m`${this.prefix}Γ£ù ${message}`[39m))[33m;[39m
     [90m    |[39m             [31m[1m^[22m[39m
     [90m 20 |[39m   }
     [90m 21 |[39m
     [90m 22 |[39m   warn(message[33m:[39m string)[33m:[39m [36mvoid[39m {[0m

      at Logger.error (src/utils/logger.ts:19:13)
      at McpManager.initialize (src/mcp/manager.ts:27:16)
      at Object.<anonymous> (src/mcp/__tests__/manager.test.ts:38:7)


  ΓùÅ  Cannot log after tests are 
done. Did you forget to wait for 
something async in your test?
    Attempted to log "Γ£ô MCP: 0/1 
servers connected".

    [0m [90m 13 |[39m
     [90m 14 |[39m   
success(message[33m:[39m 
string)[33m:[39m [36mvoid[39m {
    [31m[1m>[22m[39m[90m 15 
|[39m     console[33m.[39mlog(chalk
[33m.[39mgreen([32m`${this.prefix}Γ
£ô ${message}`[39m))[33m;[39m
     [90m    |[39m             
[31m[1m^[22m[39m
     [90m 16 |[39m   }
     [90m 17 |[39m
     [90m 18 |[39m   
error(message[33m:[39m 
string)[33m:[39m [36mvoid[39m 
{[0m

      at console.log (node_modules/@je
st/console/build/CustomConsole.js:141:
10)
      at Logger.success 
(src/utils/logger.ts:15:13)
      at McpManager.initialize 
(src/mcp/manager.ts:36:12)
      at Object.<anonymous> (src/mcp/_
_tests__/manager.test.ts:38:7)

